// Jest Snapshot v1, https://goo.gl/fbAQLP

exports[`renders homepage unchanged 1`] = `
<div>
  <div
    class=""
  >
    <main
      class="flex flex-col items-center"
    >
      <video
        autoplay=""
        class="-z-10 h-full w-full"
        loop=""
        playsinline=""
        preload="false"
      >
        <source
          src="/ferry-ride.mp4"
          type="video/mp4"
        />
      </video>
      <h1
        class="text-6xl font-bold"
      >
        Bienvenidos!
         
        <a
          class="text-blue-600"
          href="https://github.com/HugoCe17"
        >
          Le Github
        </a>
      </h1>
    </main>
  </div>
</div>
`;
