// Jest Snapshot v1, https://goo.gl/fbAQLP

exports[`renders homepage unchanged 1`] = `
<div>
  <div
    class=" flex h-full flex-col items-center justify-center"
  >
    <main
      class="flex w-full flex-1 flex-col items-center text-center"
    >
      <video
        autoplay=""
        class="-z-10 h-full w-full"
        loop=""
        playsinline=""
        preload="false"
      >
        <source
          src="/ferry-ride.mp4"
          type="video/mp4"
        />
      </video>
      <h1
        class="text-6xl font-bold"
      >
        Welcome to
         
        <a
          class="text-blue-600"
          href="https://nextjs.org"
        >
          Next.js!
        </a>
      </h1>
      <p
        class="mt-3 text-2xl"
      >
        Get started by editing
         
        <code
          class="bg-slate-800 p-3 font-mono text-lg"
        >
          pages/index.tsx
        </code>
      </p>
    </main>
  </div>
</div>
`;
